Archive member included because of file (symbol)

c:/program files (x86)/gnu tools arm embedded/4.8 2014q2/bin/../lib/gcc/arm-none-eabi/4.8.4/armv6-m\libgcc.a(_udivsi3.o)
                              ./system/src/stm32f0-stdperiph/stm32f0xx_rcc.o (__aeabi_uidiv)
c:/program files (x86)/gnu tools arm embedded/4.8 2014q2/bin/../lib/gcc/arm-none-eabi/4.8.4/armv6-m\libgcc.a(_dvmd_tls.o)
                              c:/program files (x86)/gnu tools arm embedded/4.8 2014q2/bin/../lib/gcc/arm-none-eabi/4.8.4/armv6-m\libgcc.a(_udivsi3.o) (__aeabi_idiv0)
c:/program files (x86)/gnu tools arm embedded/4.8 2014q2/bin/../lib/gcc/arm-none-eabi/4.8.4/../../../../arm-none-eabi/lib/armv6-m\libg_s.a(lib_a-errno.o)
                              ./system/src/newlib/_sbrk.o (__errno)
c:/program files (x86)/gnu tools arm embedded/4.8 2014q2/bin/../lib/gcc/arm-none-eabi/4.8.4/../../../../arm-none-eabi/lib/armv6-m\libg_s.a(lib_a-impure.o)
                              c:/program files (x86)/gnu tools arm embedded/4.8 2014q2/bin/../lib/gcc/arm-none-eabi/4.8.4/../../../../arm-none-eabi/lib/armv6-m\libg_s.a(lib_a-errno.o) (_impure_ptr)
c:/program files (x86)/gnu tools arm embedded/4.8 2014q2/bin/../lib/gcc/arm-none-eabi/4.8.4/../../../../arm-none-eabi/lib/armv6-m\libg_s.a(lib_a-sprintf.o)
                              ./src/main.o (sprintf)
c:/program files (x86)/gnu tools arm embedded/4.8 2014q2/bin/../lib/gcc/arm-none-eabi/4.8.4/../../../../arm-none-eabi/lib/armv6-m\libg_s.a(lib_a-svfprintf.o)
                              c:/program files (x86)/gnu tools arm embedded/4.8 2014q2/bin/../lib/gcc/arm-none-eabi/4.8.4/../../../../arm-none-eabi/lib/armv6-m\libg_s.a(lib_a-sprintf.o) (_svfprintf_r)
c:/program files (x86)/gnu tools arm embedded/4.8 2014q2/bin/../lib/gcc/arm-none-eabi/4.8.4/../../../../arm-none-eabi/lib/armv6-m\libg_s.a(lib_a-vfprintf_i.o)
                              c:/program files (x86)/gnu tools arm embedded/4.8 2014q2/bin/../lib/gcc/arm-none-eabi/4.8.4/../../../../arm-none-eabi/lib/armv6-m\libg_s.a(lib_a-svfprintf.o) (_printf_i)
c:/program files (x86)/gnu tools arm embedded/4.8 2014q2/bin/../lib/gcc/arm-none-eabi/4.8.4/../../../../arm-none-eabi/lib/armv6-m\libg_s.a(lib_a-memchr-stub.o)
                              c:/program files (x86)/gnu tools arm embedded/4.8 2014q2/bin/../lib/gcc/arm-none-eabi/4.8.4/../../../../arm-none-eabi/lib/armv6-m\libg_s.a(lib_a-svfprintf.o) (memchr)
c:/program files (x86)/gnu tools arm embedded/4.8 2014q2/bin/../lib/gcc/arm-none-eabi/4.8.4/../../../../arm-none-eabi/lib/armv6-m\libg_s.a(lib_a-memcpy-stub.o)
                              c:/program files (x86)/gnu tools arm embedded/4.8 2014q2/bin/../lib/gcc/arm-none-eabi/4.8.4/../../../../arm-none-eabi/lib/armv6-m\libg_s.a(lib_a-svfprintf.o) (memcpy)
c:/program files (x86)/gnu tools arm embedded/4.8 2014q2/bin/../lib/gcc/arm-none-eabi/4.8.4/../../../../arm-none-eabi/lib/armv6-m\libg_s.a(lib_a-memmove.o)
                              c:/program files (x86)/gnu tools arm embedded/4.8 2014q2/bin/../lib/gcc/arm-none-eabi/4.8.4/../../../../arm-none-eabi/lib/armv6-m\libg_s.a(lib_a-svfprintf.o) (memmove)
c:/program files (x86)/gnu tools arm embedded/4.8 2014q2/bin/../lib/gcc/arm-none-eabi/4.8.4/../../../../arm-none-eabi/lib/armv6-m\libg_s.a(lib_a-nano-freer.o)
                              c:/program files (x86)/gnu tools arm embedded/4.8 2014q2/bin/../lib/gcc/arm-none-eabi/4.8.4/../../../../arm-none-eabi/lib/armv6-m\libg_s.a(lib_a-svfprintf.o) (_free_r)
c:/program files (x86)/gnu tools arm embedded/4.8 2014q2/bin/../lib/gcc/arm-none-eabi/4.8.4/../../../../arm-none-eabi/lib/armv6-m\libg_s.a(lib_a-nano-mallocr.o)
                              c:/program files (x86)/gnu tools arm embedded/4.8 2014q2/bin/../lib/gcc/arm-none-eabi/4.8.4/../../../../arm-none-eabi/lib/armv6-m\libg_s.a(lib_a-svfprintf.o) (_malloc_r)
c:/program files (x86)/gnu tools arm embedded/4.8 2014q2/bin/../lib/gcc/arm-none-eabi/4.8.4/../../../../arm-none-eabi/lib/armv6-m\libg_s.a(lib_a-nano-reallocr.o)
                              c:/program files (x86)/gnu tools arm embedded/4.8 2014q2/bin/../lib/gcc/arm-none-eabi/4.8.4/../../../../arm-none-eabi/lib/armv6-m\libg_s.a(lib_a-svfprintf.o) (_realloc_r)
c:/program files (x86)/gnu tools arm embedded/4.8 2014q2/bin/../lib/gcc/arm-none-eabi/4.8.4/../../../../arm-none-eabi/lib/armv6-m\libg_s.a(lib_a-sbrkr.o)
                              c:/program files (x86)/gnu tools arm embedded/4.8 2014q2/bin/../lib/gcc/arm-none-eabi/4.8.4/../../../../arm-none-eabi/lib/armv6-m\libg_s.a(lib_a-nano-mallocr.o) (_sbrk_r)
c:/program files (x86)/gnu tools arm embedded/4.8 2014q2/bin/../lib/gcc/arm-none-eabi/4.8.4/../../../../arm-none-eabi/lib/armv6-m\libg_s.a(lib_a-strlen.o)
                              c:/program files (x86)/gnu tools arm embedded/4.8 2014q2/bin/../lib/gcc/arm-none-eabi/4.8.4/../../../../arm-none-eabi/lib/armv6-m\libg_s.a(lib_a-vfprintf_i.o) (strlen)
[...]
Memory Configuration

Name             Origin             Length             Attributes
RAM              0x20000000         0x00002000         xrw
CCMRAM           0x00000000         0x00000000         xrw
FLASH            0x08000000         0x00010000         xr
FLASHB1          0x00000000         0x00000000         xr
EXTMEMB0         0x00000000         0x00000000         xr
EXTMEMB1         0x00000000         0x00000000         xr
EXTMEMB2         0x00000000         0x00000000         xr
EXTMEMB3         0x00000000         0x00000000         xr
MEMORY_ARRAY     0x00000000         0x00000000         xrw
*default*        0x00000000         0xffffffff

Linker script and memory map

LOAD ./system/src/stm32f0-stdperiph/stm32f0xx_gpio.o
LOAD ./system/src/stm32f0-stdperiph/stm32f0xx_misc.o
LOAD ./system/src/stm32f0-stdperiph/stm32f0xx_rcc.o
LOAD ./system/src/stm32f0-stdperiph/stm32f0xx_tim.o
LOAD ./system/src/newlib/_cxx.o
LOAD ./system/src/newlib/_exit.o
LOAD ./system/src/newlib/_sbrk.o
LOAD ./system/src/newlib/_startup.o
LOAD ./system/src/newlib/_syscalls.o
LOAD ./system/src/newlib/_write.o
LOAD ./system/src/newlib/assert.o
LOAD ./system/src/diag/Trace.o
LOAD ./system/src/diag/trace_impl.o
LOAD ./system/src/cortexm/_initialize_hardware.o
LOAD ./system/src/cortexm/_reset_hardware.o
LOAD ./system/src/cortexm/exception_handlers.o
LOAD ./system/src/cmsis/system_stm32f0xx.o
LOAD ./system/src/cmsis/vectors_stm32f0xx.o
LOAD ./src/lcd_stm32f0.o
LOAD ./src/main.o
LOAD c:/program files (x86)/gnu tools arm embedded/4.8 2014q2/bin/../lib/gcc/arm-none-eabi/4.8.4/../../../../arm-none-eabi/lib/armv6-m\libstdc++_s.a
LOAD c:/program files (x86)/gnu tools arm embedded/4.8 2014q2/bin/../lib/gcc/arm-none-eabi/4.8.4/../../../../arm-none-eabi/lib/armv6-m\libm.a
START GROUP
LOAD c:/program files (x86)/gnu tools arm embedded/4.8 2014q2/bin/../lib/gcc/arm-none-eabi/4.8.4/armv6-m\libgcc.a
LOAD c:/program files (x86)/gnu tools arm embedded/4.8 2014q2/bin/../lib/gcc/arm-none-eabi/4.8.4/../../../../arm-none-eabi/lib/armv6-m\libg_s.a
LOAD c:/program files (x86)/gnu tools arm embedded/4.8 2014q2/bin/../lib/gcc/arm-none-eabi/4.8.4/../../../../arm-none-eabi/lib/armv6-m\libc_s.a
END GROUP
START GROUP
LOAD c:/program files (x86)/gnu tools arm embedded/4.8 2014q2/bin/../lib/gcc/arm-none-eabi/4.8.4/armv6-m\libgcc.a
LOAD c:/program files (x86)/gnu tools arm embedded/4.8 2014q2/bin/../lib/gcc/arm-none-eabi/4.8.4/../../../../arm-none-eabi/lib/armv6-m\libc_s.a
END GROUP
                0x20002000                __stack = (ORIGIN (RAM) + 0x2000)
                0x20002000                _estack = __stack
                0x00000400                __Main_Stack_Size = 0x400
                0x00000400                PROVIDE (_Main_Stack_Size, __Main_Stack_Size)
                0x20001c00                __Main_Stack_Limit = (__stack - __Main_Stack_Size)
                0x20001c00                PROVIDE (_Main_Stack_Limit, __Main_Stack_Limit)
                0x00000100                _Minimum_Stack_Size = 0x100
                0x200000ac                PROVIDE (_Heap_Begin, _end_noinit)
                0x20001c00                PROVIDE (_Heap_Limit, (__stack - __Main_Stack_Size))

.isr_vector     0x08000000      0x1f4
                0x08000000                . = ALIGN (0x4)
 *(.isr_vector)
 .isr_vector    0x08000000       0xc4 ./system/src/cmsis/vectors_stm32f0xx.o
                0x08000000                g_pfnVectors
 *(.cfmconfig)
 *(.after_vectors .after_vectors.*)
 .after_vectors
                0x080000c4      0x110 ./system/src/newlib/_startup.o
                0x080000c4                _start
 .after_vectors
                0x080001d4       0x1c ./system/src/cortexm/exception_handlers.o
                0x080001d4                Reset_Handler
                0x080001dc                NMI_Handler
                0x080001e0                HardFault_Handler
                0x080001e4                SVC_Handler
                0x080001e8                PendSV_Handler
                0x080001ec                SysTick_Handler
 .after_vectors
                0x080001f0        0x4 ./system/src/cmsis/vectors_stm32f0xx.o
                0x080001f0                TSC_IRQHandler
                0x080001f0                ADC1_COMP_IRQHandler
                0x080001f0                PVD_IRQHandler
                0x080001f0                I2C1_IRQHandler
                0x080001f0                RCC_CRS_IRQHandler
                0x080001f0                SPI1_IRQHandler
                0x080001f0                TIM6_DAC_IRQHandler
                0x080001f0                USART3_4_IRQHandler
                0x080001f0                EXTI2_3_IRQHandler
                0x080001f0                ADC1_IRQHandler
                0x080001f0                I2C2_IRQHandler
                0x080001f0                TIM17_IRQHandler
                0x080001f0                CEC_CAN_IRQHandler
                0x080001f0                RTC_IRQHandler
                0x080001f0                PVD_VDDIO2_IRQHandler
                0x080001f0                DMA1_Channel4_5_6_7_IRQHandler
                0x080001f0                TIM16_IRQHandler
                0x080001f0                TIM3_IRQHandler
                0x080001f0                EXTI4_15_IRQHandler
                0x080001f0                RCC_IRQHandler
                0x080001f0                DMA1_Channel1_IRQHandler
                0x080001f0                Default_Handler
                0x080001f0                CEC_IRQHandler
                0x080001f0                TIM14_IRQHandler
                0x080001f0                DMA1_Channel4_5_IRQHandler
                0x080001f0                TIM7_IRQHandler
                0x080001f0                TIM15_IRQHandler
                0x080001f0                EXTI0_1_IRQHandler
                0x080001f0                USB_IRQHandler
                0x080001f0                SPI2_IRQHandler
                0x080001f0                TS_IRQHandler
                0x080001f0                WWDG_IRQHandler
                0x080001f0                TIM2_IRQHandler
                0x080001f0                DMA1_Channel2_3_IRQHandler
                0x080001f0                USART2_IRQHandler
                0x080001f0                FLASH_IRQHandler
                0x080001f0                USART1_IRQHandler
                0x080001f0                TIM1_BRK_UP_TRG_COM_IRQHandler
                0x080001f4                . = ALIGN (0x4)

.inits          0x080001f4        0x0
                0x080001f4                . = ALIGN (0x4)
 *(.init)
 *(.fini)
                0x080001f4                . = ALIGN (0x4)
                0x080001f4                PROVIDE (__preinit_array_start, .)
 *(.preinit_array_sysinit .preinit_array_sysinit.*)
 *(.preinit_array_platform .preinit_array_platform.*)
 *(.preinit_array .preinit_array.*)
                0x080001f4                PROVIDE (__preinit_array_end, .)
                0x080001f4                . = ALIGN (0x4)
                0x080001f4                PROVIDE (__init_array_start, .)
 *(SORT(.init_array.*))
 *(.init_array)
                0x080001f4                PROVIDE (__init_array_end, .)
                0x080001f4                . = ALIGN (0x4)
                0x080001f4                PROVIDE (__fini_array_start, .)
 *(SORT(.fini_array.*))
 *(.fini_array)
                0x080001f4                PROVIDE (__fini_array_end, .)
                0x080001f4                . = ALIGN (0x4)

.flashtext      0x080001f4        0x0
                0x080001f4                . = ALIGN (0x4)
 *(.flashtext .flashtext.*)
                0x080001f4                . = ALIGN (0x4)

.text           0x080001f4     0x1b81
                0x080001f4                . = ALIGN (0x4)
 *(.text .text.*)
 .text.GPIO_Init
                0x080001f4      0x11c ./system/src/stm32f0-stdperiph/stm32f0xx_gpio.o
                0x080001f4                GPIO_Init
 .text.GPIO_PinAFConfig
                0x08000310       0x94 ./system/src/stm32f0-stdperiph/stm32f0xx_gpio.o
                0x08000310                GPIO_PinAFConfig
 .text.NVIC_Init
                0x080003a4       0x7c ./system/src/stm32f0-stdperiph/stm32f0xx_misc.o
                0x080003a4                NVIC_Init
 .text.RCC_AHBPeriphClockCmd
                0x08000420       0x50 ./system/src/stm32f0-stdperiph/stm32f0xx_rcc.o
                0x08000420                RCC_AHBPeriphClockCmd
 .text.RCC_APB2PeriphClockCmd
                0x08000470       0x50 ./system/src/stm32f0-stdperiph/stm32f0xx_rcc.o
                0x08000470                RCC_APB2PeriphClockCmd
 .text.TI1_Config
                0x080004c0       0x2c ./system/src/stm32f0-stdperiph/stm32f0xx_tim.o
 .text.TI2_Config
                0x080004ec       0x38 ./system/src/stm32f0-stdperiph/stm32f0xx_tim.o
 .text.TI3_Config
                0x08000524       0x3c ./system/src/stm32f0-stdperiph/stm32f0xx_tim.o
 .text.TI4_Config
                0x08000560       0x44 ./system/src/stm32f0-stdperiph/stm32f0xx_tim.o
 .text.TIM_Cmd  0x080005a4       0x94 ./system/src/stm32f0-stdperiph/stm32f0xx_tim.o
                0x080005a4                TIM_Cmd
 .text.TIM_GetCapture2
                0x08000638       0x40 ./system/src/stm32f0-stdperiph/stm32f0xx_tim.o
                0x08000638                TIM_GetCapture2
 .text.TIM_SetIC1Prescaler
                0x08000678       0x88 ./system/src/stm32f0-stdperiph/stm32f0xx_tim.o
                0x08000678                TIM_SetIC1Prescaler
 .text.TIM_SetIC2Prescaler
                0x08000700       0x70 ./system/src/stm32f0-stdperiph/stm32f0xx_tim.o
                0x08000700                TIM_SetIC2Prescaler
 .text.TIM_SetIC3Prescaler
                0x08000770       0x60 ./system/src/stm32f0-stdperiph/stm32f0xx_tim.o
                0x08000770                TIM_SetIC3Prescaler
 .text.TIM_SetIC4Prescaler
                0x080007d0       0x68 ./system/src/stm32f0-stdperiph/stm32f0xx_tim.o
                0x080007d0                TIM_SetIC4Prescaler
 .text.TIM_ICInit
                0x08000838      0x1dc ./system/src/stm32f0-stdperiph/stm32f0xx_tim.o
                0x08000838                TIM_ICInit
 .text.TIM_ITConfig
                0x08000a14       0xac ./system/src/stm32f0-stdperiph/stm32f0xx_tim.o
                0x08000a14                TIM_ITConfig
 .text.TIM_GetITStatus
                0x08000ac0       0xb4 ./system/src/stm32f0-stdperiph/stm32f0xx_tim.o
                0x08000ac0                TIM_GetITStatus
 .text.TIM_ClearITPendingBit
                0x08000b74       0x90 ./system/src/stm32f0-stdperiph/stm32f0xx_tim.o
                0x08000b74                TIM_ClearITPendingBit
 .text._exit    0x08000c04        0x4 ./system/src/newlib/_exit.o
                0x08000c04                _exit
 .text.abort    0x08000c08        0x8 ./system/src/newlib/_exit.o
                0x08000c08                abort
 .text._sbrk    0x08000c10       0x44 ./system/src/newlib/_sbrk.o
                0x08000c10                _sbrk
 .text.__initialize_args
                0x08000c54       0x10 ./system/src/newlib/_syscalls.o
                0x08000c54                __initialize_args
 .text.assert_failed
                0x08000c64        0x8 ./system/src/newlib/assert.o
                0x08000c64                assert_failed
 .text.__initialize_hardware
                0x08000c6c        0x8 ./system/src/cortexm/_initialize_hardware.o
                0x08000c6c                __initialize_hardware
 .text.SetSysClock
                0x08000c74       0xb4 ./system/src/cmsis/system_stm32f0xx.o
 .text.SystemInit
                0x08000d28       0x64 ./system/src/cmsis/system_stm32f0xx.o
                0x08000d28                SystemInit
 .text.delay    0x08000d8c       0x20 ./src/lcd_stm32f0.o
 .text.pulse_strobe
                0x08000dac       0x30 ./src/lcd_stm32f0.o
 .text.lcd_put  0x08000ddc      0x13c ./src/lcd_stm32f0.o
 .text.lcd_string
                0x08000f18       0x18 ./src/lcd_stm32f0.o
                0x08000f18                lcd_string
 .text.lcd_command
                0x08000f30       0x14 ./src/lcd_stm32f0.o
                0x08000f30                lcd_command
 .text.lcd_init
                0x08000f44       0x9c ./src/lcd_stm32f0.o
                0x08000f44                lcd_init
 .text.initTimer1
                0x08000fe0       0x94 ./src/main.o
                0x08000fe0                initTimer1
 .text.initTimer2
                0x08001074       0xc0 ./src/main.o
                0x08001074                initTimer2
 .text.initTimer3
                0x08001134       0x8c ./src/main.o
                0x08001134                initTimer3
 .text.initButtons
                0x080011c0       0x58 ./src/main.o
                0x080011c0                initButtons
 .text.delay    0x08001218       0x2c ./src/main.o
                0x08001218                delay
 .text.getSpeed
                0x08001244       0x14 ./src/main.o
                0x08001244                getSpeed
 .text.intToString
                0x08001258       0x1c ./src/main.o
                0x08001258                intToString
 .text.displayLCD
                0x08001274       0x4c ./src/main.o
                0x08001274                displayLCD
 .text.main     0x080012c0       0x38 ./src/main.o
                0x080012c0                main
 .text.TIM1_CC_IRQHandler
                0x080012f8       0x9c ./src/main.o
                0x080012f8                TIM1_CC_IRQHandler
 .text          0x08001394       0x9c c:/program files (x86)/gnu tools arm embedded/4.8 2014q2/bin/../lib/gcc/arm-none-eabi/4.8.4/armv6-m\libgcc.a(_udivsi3.o)
                0x08001394                __aeabi_uidiv
                0x08001394                __udivsi3
                0x0800141c                __aeabi_uidivmod
 .text          0x08001430        0x4 c:/program files (x86)/gnu tools arm embedded/4.8 2014q2/bin/../lib/gcc/arm-none-eabi/4.8.4/armv6-m\libgcc.a(_dvmd_tls.o)
                0x08001430                __aeabi_idiv0
                0x08001430                __aeabi_ldiv0
 .text.__errno  0x08001434        0xc c:/program files (x86)/gnu tools arm embedded/4.8 2014q2/bin/../lib/gcc/arm-none-eabi/4.8.4/../../../../arm-none-eabi/lib/armv6-m\libg_s.a(lib_a-errno.o)
                0x08001434                __errno
 .text.sprintf  0x08001440       0x44 c:/program files (x86)/gnu tools arm embedded/4.8 2014q2/bin/../lib/gcc/arm-none-eabi/4.8.4/../../../../arm-none-eabi/lib/armv6-m\libg_s.a(lib_a-sprintf.o)
                0x08001440                siprintf
                0x08001440                sprintf
 .text.__ssputs_r
                0x08001484       0xc0 c:/program files (x86)/gnu tools arm embedded/4.8 2014q2/bin/../lib/gcc/arm-none-eabi/4.8.4/../../../../arm-none-eabi/lib/armv6-m\libg_s.a(lib_a-svfprintf.o)
                0x08001484                __ssputs_r
 .text._svfprintf_r
                0x08001544      0x1e0 c:/program files (x86)/gnu tools arm embedded/4.8 2014q2/bin/../lib/gcc/arm-none-eabi/4.8.4/../../../../arm-none-eabi/lib/armv6-m\libg_s.a(lib_a-svfprintf.o)
                0x08001544                _svfiprintf_r
                0x08001544                _svfprintf_r
 .text._printf_common
                0x08001724       0xe8 c:/program files (x86)/gnu tools arm embedded/4.8 2014q2/bin/../lib/gcc/arm-none-eabi/4.8.4/../../../../arm-none-eabi/lib/armv6-m\libg_s.a(lib_a-vfprintf_i.o)
                0x08001724                _printf_common
 .text._printf_i
                0x0800180c      0x22c c:/program files (x86)/gnu tools arm embedded/4.8 2014q2/bin/../lib/gcc/arm-none-eabi/4.8.4/../../../../arm-none-eabi/lib/armv6-m\libg_s.a(lib_a-vfprintf_i.o)
                0x0800180c                _printf_i
 .text.memchr   0x08001a38       0x16 c:/program files (x86)/gnu tools arm embedded/4.8 2014q2/bin/../lib/gcc/arm-none-eabi/4.8.4/../../../../arm-none-eabi/lib/armv6-m\libg_s.a(lib_a-memchr-stub.o)
                0x08001a38                memchr
 .text.memcpy   0x08001a4e       0x12 c:/program files (x86)/gnu tools arm embedded/4.8 2014q2/bin/../lib/gcc/arm-none-eabi/4.8.4/../../../../arm-none-eabi/lib/armv6-m\libg_s.a(lib_a-memcpy-stub.o)
                0x08001a4e                memcpy
 .text.memmove  0x08001a60       0x32 c:/program files (x86)/gnu tools arm embedded/4.8 2014q2/bin/../lib/gcc/arm-none-eabi/4.8.4/../../../../arm-none-eabi/lib/armv6-m\libg_s.a(lib_a-memmove.o)
                0x08001a60                memmove
 *fill*         0x08001a92        0x2 
 .text._free_r  0x08001a94       0x90 c:/program files (x86)/gnu tools arm embedded/4.8 2014q2/bin/../lib/gcc/arm-none-eabi/4.8.4/../../../../arm-none-eabi/lib/armv6-m\libg_s.a(lib_a-nano-freer.o)
                0x08001a94                _free_r
 .text._malloc_r
                0x08001b24       0xa8 c:/program files (x86)/gnu tools arm embedded/4.8 2014q2/bin/../lib/gcc/arm-none-eabi/4.8.4/../../../../arm-none-eabi/lib/armv6-m\libg_s.a(lib_a-nano-mallocr.o)
                0x08001b24                _malloc_r
 .text._realloc_r
                0x08001bcc       0x4c c:/program files (x86)/gnu tools arm embedded/4.8 2014q2/bin/../lib/gcc/arm-none-eabi/4.8.4/../../../../arm-none-eabi/lib/armv6-m\libg_s.a(lib_a-nano-reallocr.o)
                0x08001bcc                _realloc_r
 .text._sbrk_r  0x08001c18       0x24 c:/program files (x86)/gnu tools arm embedded/4.8 2014q2/bin/../lib/gcc/arm-none-eabi/4.8.4/../../../../arm-none-eabi/lib/armv6-m\libg_s.a(lib_a-sbrkr.o)
                0x08001c18                _sbrk_r
 .text.strlen   0x08001c3c        0xe c:/program files (x86)/gnu tools arm embedded/4.8 2014q2/bin/../lib/gcc/arm-none-eabi/4.8.4/../../../../arm-none-eabi/lib/armv6-m\libg_s.a(lib_a-strlen.o)
                0x08001c3c                strlen
 .text._malloc_usable_size_r
                0x08001c4a       0x12 c:/program files (x86)/gnu tools arm embedded/4.8 2014q2/bin/../lib/gcc/arm-none-eabi/4.8.4/../../../../arm-none-eabi/lib/armv6-m\libg_s.a(lib_a-nano-msizer.o)
                0x08001c4a                _malloc_usable_size_r
 *(.rodata .rodata.*)
 .rodata.str1.4
                0x08001c5c       0x31 ./system/src/stm32f0-stdperiph/stm32f0xx_gpio.o
                                 0x34 (size before relaxing)
 *fill*         0x08001c8d        0x3 
 .rodata.str1.4
                0x08001c90       0x31 ./system/src/stm32f0-stdperiph/stm32f0xx_misc.o
                                 0x34 (size before relaxing)
 *fill*         0x08001cc1        0x3 
 .rodata.str1.4
                0x08001cc4       0x30 ./system/src/stm32f0-stdperiph/stm32f0xx_rcc.o
 .rodata.str1.4
                0x08001cf4       0x30 ./system/src/stm32f0-stdperiph/stm32f0xx_tim.o
 .rodata.str1.4
                0x08001d24       0x1c ./src/main.o
 .rodata.str1.1
                0x08001d40        0x2 c:/program files (x86)/gnu tools arm embedded/4.8 2014q2/bin/../lib/gcc/arm-none-eabi/4.8.4/../../../../arm-none-eabi/lib/armv6-m\libg_s.a(lib_a-impure.o)
 .rodata.str1.1
                0x08001d42       0x11 c:/program files (x86)/gnu tools arm embedded/4.8 2014q2/bin/../lib/gcc/arm-none-eabi/4.8.4/../../../../arm-none-eabi/lib/armv6-m\libg_s.a(lib_a-svfprintf.o)
 .rodata.str1.1
                0x08001d53       0x22 c:/program files (x86)/gnu tools arm embedded/4.8 2014q2/bin/../lib/gcc/arm-none-eabi/4.8.4/../../../../arm-none-eabi/lib/armv6-m\libg_s.a(lib_a-vfprintf_i.o)
 *(vtable)
 *(.eh_frame*)
 *(.glue_7)
 .glue_7        0x00000000        0x0 linker stubs
 *(.glue_7t)
 .glue_7t       0x00000000        0x0 linker stubs

.vfp11_veneer   0x08001d78        0x0
 .vfp11_veneer  0x00000000        0x0 linker stubs

.v4_bx          0x08001d78        0x0
 .v4_bx         0x00000000        0x0 linker stubs

.iplt           0x08001d78        0x0
 .iplt          0x00000000        0x0 ./system/src/stm32f0-stdperiph/stm32f0xx_gpio.o

.rel.dyn        0x08001d78        0x0
 .rel.iplt      0x00000000        0x0 ./system/src/stm32f0-stdperiph/stm32f0xx_gpio.o

.ARM.extab
 *(.ARM.extab* .gnu.linkonce.armextab.*)
                0x08001d78                __exidx_start = .

.ARM.exidx
 *(.ARM.exidx* .gnu.linkonce.armexidx.*)
                0x08001d78                __exidx_end = .
                0x08001d78                . = ALIGN (0x4)
                0x08001d78                _etext = .
                0x08001d78                __etext = .
                0x08001d78                _sidata = _etext

.data           0x20000000       0x74 load address 0x08001d78
                0x20000000                . = ALIGN (0x4)
                0x20000000                _sdata = .
                0x20000000                __data_start__ = .
 *(.data_begin .data_begin.*)
 .data_begin    0x20000000        0x4 ./system/src/newlib/_startup.o
 *(.data .data.*)
 .data.argv.4014
                0x20000004        0x8 ./system/src/newlib/_syscalls.o
 .data.impure_data
                0x2000000c       0x60 c:/program files (x86)/gnu tools arm embedded/4.8 2014q2/bin/../lib/gcc/arm-none-eabi/4.8.4/../../../../arm-none-eabi/lib/armv6-m\libg_s.a(lib_a-impure.o)
 .data._impure_ptr
                0x2000006c        0x4 c:/program files (x86)/gnu tools arm embedded/4.8 2014q2/bin/../lib/gcc/arm-none-eabi/4.8.4/../../../../arm-none-eabi/lib/armv6-m\libg_s.a(lib_a-impure.o)
                0x2000006c                _impure_ptr
 *(.data_end .data_end.*)
 .data_end      0x20000070        0x4 ./system/src/newlib/_startup.o
                0x20000074                . = ALIGN (0x4)
                0x20000074                _edata = .
                0x20000074                __data_end__ = .

.igot.plt       0x20000074        0x0 load address 0x08001dec
 .igot.plt      0x00000000        0x0 ./system/src/stm32f0-stdperiph/stm32f0xx_gpio.o

.bss            0x20000074       0x38 load address 0x08001dec
                0x20000074                . = ALIGN (0x4)
                0x20000074                __bss_start__ = .
                0x20000074                _sbss = .
 *(.bss_begin .bss_begin.*)
 .bss_begin     0x20000074        0x4 ./system/src/newlib/_startup.o
 *(.bss .bss.*)
 .bss.current_heap_end.3842
                0x20000078        0x4 ./system/src/newlib/_sbrk.o
 .bss.name.4013
                0x2000007c        0x4 ./system/src/newlib/_syscalls.o
 .bss.Capture   0x20000080        0x4 ./src/main.o
                0x20000080                Capture
 .bss.distanceReading
                0x20000084        0x4 ./src/main.o
                0x20000084                distanceReading
 .bss.CaptureNumber
                0x20000088        0x2 ./src/main.o
                0x20000088                CaptureNumber
 .bss.IC3ReadValue1
                0x2000008a        0x2 ./src/main.o
                0x2000008a                IC3ReadValue1
 .bss.IC3ReadValue2
                0x2000008c        0x2 ./src/main.o
                0x2000008c                IC3ReadValue2
 *fill*         0x2000008e        0x2 
 .bss.prevDistance
                0x20000090        0x4 ./src/main.o
                0x20000090                prevDistance
 .bss.__malloc_sbrk_start
                0x20000094        0x4 c:/program files (x86)/gnu tools arm embedded/4.8 2014q2/bin/../lib/gcc/arm-none-eabi/4.8.4/../../../../arm-none-eabi/lib/armv6-m\libg_s.a(lib_a-nano-mallocr.o)
                0x20000094                __malloc_sbrk_start
 .bss.__malloc_free_list
                0x20000098        0x4 c:/program files (x86)/gnu tools arm embedded/4.8 2014q2/bin/../lib/gcc/arm-none-eabi/4.8.4/../../../../arm-none-eabi/lib/armv6-m\libg_s.a(lib_a-nano-mallocr.o)
                0x20000098                __malloc_free_list
 *(COMMON)
 COMMON         0x2000009c        0x4 ./system/src/newlib/_syscalls.o
                0x2000009c                errno
 COMMON         0x200000a0        0x8 ./src/main.o
                0x200000a0                conversionBuffer
 *(.bss_end .bss_end.*)
 .bss_end       0x200000a8        0x4 ./system/src/newlib/_startup.o
                0x200000ac                . = ALIGN (0x4)
                0x200000ac                __bss_end__ = .
                0x200000ac                _ebss = .

.noinit         0x200000ac        0x0
                0x200000ac                . = ALIGN (0x4)
                0x200000ac                _noinit = .
 *(.noinit .noinit.*)
                0x200000ac                . = ALIGN (0x4)
                0x200000ac                _end_noinit = .
                0x200000ac                PROVIDE (end, _end_noinit)
                0x200000ac                PROVIDE (_end, _end_noinit)
                0x200000ac                PROVIDE (__end, _end_noinit)
                0x200000ac                PROVIDE (__end__, _end_noinit)

._check_stack   0x200000ac      0x100 load address 0x08001e24
                0x200000ac                . = ALIGN (0x4)
                0x200001ac                . = (. + _Minimum_Stack_Size)
 *fill*         0x200000ac      0x100 
                0x200001ac                . = ALIGN (0x4)

.bss_CCMRAM
 *(.bss.CCMRAM .bss.CCMRAM.*)

.b1text
 *(.b1text)
 *(.b1rodata)
 *(.b1rodata.*)

.eb0text
 *(.eb0text)
 *(.eb0rodata)
 *(.eb0rodata.*)

.eb1text
 *(.eb1text)
 *(.eb1rodata)
 *(.eb1rodata.*)

.eb2text
 *(.eb2text)
 *(.eb2rodata)
 *(.eb2rodata.*)

.eb3text
 *(.eb3text)
 *(.eb3rodata)
 *(.eb3rodata.*)

.stab
 *(.stab)

.stabstr
 *(.stabstr)

.stab.excl
 *(.stab.excl)

.stab.exclstr
 *(.stab.exclstr)

.stab.index
 *(.stab.index)

.stab.indexstr
 *(.stab.indexstr)

.comment        0x00000000       0x70
 *(.comment)
 .comment       0x00000000       0x70 ./system/src/stm32f0-stdperiph/stm32f0xx_gpio.o
                                 0x71 (size before relaxing)
 .comment       0x00000000       0x71 ./system/src/stm32f0-stdperiph/stm32f0xx_misc.o
 .comment       0x00000000       0x71 ./system/src/stm32f0-stdperiph/stm32f0xx_rcc.o
 .comment       0x00000000       0x71 ./system/src/stm32f0-stdperiph/stm32f0xx_tim.o
 .comment       0x00000000       0x71 ./system/src/newlib/_exit.o
 .comment       0x00000000       0x71 ./system/src/newlib/_sbrk.o
 .comment       0x00000000       0x71 ./system/src/newlib/_startup.o
 .comment       0x00000000       0x71 ./system/src/newlib/_syscalls.o
 .comment       0x00000000       0x71 ./system/src/newlib/assert.o
 .comment       0x00000000       0x71 ./system/src/cortexm/_initialize_hardware.o
 .comment       0x00000000       0x71 ./system/src/cortexm/exception_handlers.o
 .comment       0x00000000       0x71 ./system/src/cmsis/system_stm32f0xx.o
 .comment       0x00000000       0x71 ./system/src/cmsis/vectors_stm32f0xx.o
 .comment       0x00000000       0x71 ./src/lcd_stm32f0.o
 .comment       0x00000000       0x71 ./src/main.o

.ARM.attributes
                0x00000000       0x31
 .ARM.attributes
                0x00000000       0x31 ./system/src/stm32f0-stdperiph/stm32f0xx_gpio.o
 .ARM.attributes
                0x00000031       0x31 ./system/src/stm32f0-stdperiph/stm32f0xx_misc.o
 .ARM.attributes
                0x00000062       0x31 ./system/src/stm32f0-stdperiph/stm32f0xx_rcc.o
 .ARM.attributes
                0x00000093       0x31 ./system/src/stm32f0-stdperiph/stm32f0xx_tim.o
 .ARM.attributes
                0x000000c4       0x31 ./system/src/newlib/_exit.o
 .ARM.attributes
                0x000000f5       0x31 ./system/src/newlib/_sbrk.o
 .ARM.attributes
                0x00000126       0x31 ./system/src/newlib/_startup.o
 .ARM.attributes
                0x00000157       0x31 ./system/src/newlib/_syscalls.o
 .ARM.attributes
                0x00000188       0x31 ./system/src/newlib/assert.o
 .ARM.attributes
                0x000001b9       0x31 ./system/src/cortexm/_initialize_hardware.o
 .ARM.attributes
                0x000001ea       0x31 ./system/src/cortexm/exception_handlers.o
 .ARM.attributes
                0x0000021b       0x31 ./system/src/cmsis/system_stm32f0xx.o
 .ARM.attributes
                0x0000024c       0x31 ./system/src/cmsis/vectors_stm32f0xx.o
 .ARM.attributes
                0x0000027d       0x31 ./src/lcd_stm32f0.o
 .ARM.attributes
                0x000002ae       0x31 ./src/main.o
 .ARM.attributes
                0x000002df       0x1e c:/program files (x86)/gnu tools arm embedded/4.8 2014q2/bin/../lib/gcc/arm-none-eabi/4.8.4/armv6-m\libgcc.a(_udivsi3.o)
 .ARM.attributes
                0x000002fd       0x1e c:/program files (x86)/gnu tools arm embedded/4.8 2014q2/bin/../lib/gcc/arm-none-eabi/4.8.4/armv6-m\libgcc.a(_dvmd_tls.o)
 .ARM.attributes
                0x0000031b       0x2c c:/program files (x86)/gnu tools arm embedded/4.8 2014q2/bin/../lib/gcc/arm-none-eabi/4.8.4/../../../../arm-none-eabi/lib/armv6-m\libg_s.a(lib_a-errno.o)
 .ARM.attributes
                0x00000347       0x2c c:/program files (x86)/gnu tools arm embedded/4.8 2014q2/bin/../lib/gcc/arm-none-eabi/4.8.4/../../../../arm-none-eabi/lib/armv6-m\libg_s.a(lib_a-impure.o)
 .ARM.attributes
                0x00000373       0x2c c:/program files (x86)/gnu tools arm embedded/4.8 2014q2/bin/../lib/gcc/arm-none-eabi/4.8.4/../../../../arm-none-eabi/lib/armv6-m\libg_s.a(lib_a-sprintf.o)
 .ARM.attributes
                0x0000039f       0x2c c:/program files (x86)/gnu tools arm embedded/4.8 2014q2/bin/../lib/gcc/arm-none-eabi/4.8.4/../../../../arm-none-eabi/lib/armv6-m\libg_s.a(lib_a-svfprintf.o)
 .ARM.attributes
                0x000003cb       0x2c c:/program files (x86)/gnu tools arm embedded/4.8 2014q2/bin/../lib/gcc/arm-none-eabi/4.8.4/../../../../arm-none-eabi/lib/armv6-m\libg_s.a(lib_a-vfprintf_i.o)
 .ARM.attributes
                0x000003f7       0x2c c:/program files (x86)/gnu tools arm embedded/4.8 2014q2/bin/../lib/gcc/arm-none-eabi/4.8.4/../../../../arm-none-eabi/lib/armv6-m\libg_s.a(lib_a-memchr-stub.o)
 .ARM.attributes
                0x00000423       0x2c c:/program files (x86)/gnu tools arm embedded/4.8 2014q2/bin/../lib/gcc/arm-none-eabi/4.8.4/../../../../arm-none-eabi/lib/armv6-m\libg_s.a(lib_a-memcpy-stub.o)
 .ARM.attributes
                0x0000044f       0x2c c:/program files (x86)/gnu tools arm embedded/4.8 2014q2/bin/../lib/gcc/arm-none-eabi/4.8.4/../../../../arm-none-eabi/lib/armv6-m\libg_s.a(lib_a-memmove.o)
 .ARM.attributes
                0x0000047b       0x2c c:/program files (x86)/gnu tools arm embedded/4.8 2014q2/bin/../lib/gcc/arm-none-eabi/4.8.4/../../../../arm-none-eabi/lib/armv6-m\libg_s.a(lib_a-nano-freer.o)
 .ARM.attributes
                0x000004a7       0x2c c:/program files (x86)/gnu tools arm embedded/4.8 2014q2/bin/../lib/gcc/arm-none-eabi/4.8.4/../../../../arm-none-eabi/lib/armv6-m\libg_s.a(lib_a-nano-mallocr.o)
 .ARM.attributes
                0x000004d3       0x2c c:/program files (x86)/gnu tools arm embedded/4.8 2014q2/bin/../lib/gcc/arm-none-eabi/4.8.4/../../../../arm-none-eabi/lib/armv6-m\libg_s.a(lib_a-nano-reallocr.o)
 .ARM.attributes
                0x000004ff       0x2c c:/program files (x86)/gnu tools arm embedded/4.8 2014q2/bin/../lib/gcc/arm-none-eabi/4.8.4/../../../../arm-none-eabi/lib/armv6-m\libg_s.a(lib_a-sbrkr.o)
 .ARM.attributes
                0x0000052b       0x2c c:/program files (x86)/gnu tools arm embedded/4.8 2014q2/bin/../lib/gcc/arm-none-eabi/4.8.4/../../../../arm-none-eabi/lib/armv6-m\libg_s.a(lib_a-strlen.o)
 .ARM.attributes
                0x00000557       0x2c c:/program files (x86)/gnu tools arm embedded/4.8 2014q2/bin/../lib/gcc/arm-none-eabi/4.8.4/../../../../arm-none-eabi/lib/armv6-m\libg_s.a(lib_a-nano-msizer.o)

.debug
 *(.debug)

.line
 *(.line)

.debug_srcinfo
 *(.debug_srcinfo)

.debug_sfnames
 *(.debug_sfnames)

.debug_aranges  0x00000000      0x768
 *(.debug_aranges)
 .debug_aranges
                0x00000000       0x80 ./system/src/stm32f0-stdperiph/stm32f0xx_gpio.o
 .debug_aranges
                0x00000080       0x30 ./system/src/stm32f0-stdperiph/stm32f0xx_misc.o
 .debug_aranges
                0x000000b0      0x160 ./system/src/stm32f0-stdperiph/stm32f0xx_rcc.o
 .debug_aranges
                0x00000210      0x300 ./system/src/stm32f0-stdperiph/stm32f0xx_tim.o
 .debug_aranges
                0x00000510       0x28 ./system/src/newlib/_exit.o
 .debug_aranges
                0x00000538       0x20 ./system/src/newlib/_sbrk.o
 .debug_aranges
                0x00000558       0x40 ./system/src/newlib/_startup.o
 .debug_aranges
                0x00000598       0x30 ./system/src/newlib/_syscalls.o
 .debug_aranges
                0x000005c8       0x28 ./system/src/newlib/assert.o
 .debug_aranges
                0x000005f0       0x20 ./system/src/cortexm/_initialize_hardware.o
 .debug_aranges
                0x00000610       0x48 ./system/src/cortexm/exception_handlers.o
 .debug_aranges
                0x00000658       0x30 ./system/src/cmsis/system_stm32f0xx.o
 .debug_aranges
                0x00000688       0x20 ./system/src/cmsis/vectors_stm32f0xx.o
 .debug_aranges
                0x000006a8       0x50 ./src/lcd_stm32f0.o
 .debug_aranges
                0x000006f8       0x70 ./src/main.o

.debug_pubnames
 *(.debug_pubnames)

.debug_info     0x00000000     0x75d1
 *(.debug_info .gnu.linkonce.wi.*)
 .debug_info    0x00000000      0xa17 ./system/src/stm32f0-stdperiph/stm32f0xx_gpio.o
 .debug_info    0x00000a17      0x406 ./system/src/stm32f0-stdperiph/stm32f0xx_misc.o
 .debug_info    0x00000e1d      0xf18 ./system/src/stm32f0-stdperiph/stm32f0xx_rcc.o
 .debug_info    0x00001d35     0x37e6 ./system/src/stm32f0-stdperiph/stm32f0xx_tim.o
 .debug_info    0x0000551b       0xee ./system/src/newlib/_exit.o
 .debug_info    0x00005609      0x125 ./system/src/newlib/_sbrk.o
 .debug_info    0x0000572e      0x45e ./system/src/newlib/_startup.o
 .debug_info    0x00005b8c      0x1a9 ./system/src/newlib/_syscalls.o
 .debug_info    0x00005d35      0x168 ./system/src/newlib/assert.o
 .debug_info    0x00005e9d       0x9d ./system/src/cortexm/_initialize_hardware.o
 .debug_info    0x00005f3a       0xa5 ./system/src/cortexm/exception_handlers.o
 .debug_info    0x00005fdf      0x2e8 ./system/src/cmsis/system_stm32f0xx.o
 .debug_info    0x000062c7       0x92 ./system/src/cmsis/vectors_stm32f0xx.o
 .debug_info    0x00006359      0x51e ./src/lcd_stm32f0.o
 .debug_info    0x00006877      0xd5a ./src/main.o

.debug_abbrev   0x00000000     0x12b1
 *(.debug_abbrev)
 .debug_abbrev  0x00000000      0x1db ./system/src/stm32f0-stdperiph/stm32f0xx_gpio.o
 .debug_abbrev  0x000001db      0x16e ./system/src/stm32f0-stdperiph/stm32f0xx_misc.o
 .debug_abbrev  0x00000349      0x23e ./system/src/stm32f0-stdperiph/stm32f0xx_rcc.o
 .debug_abbrev  0x00000587      0x1d2 ./system/src/stm32f0-stdperiph/stm32f0xx_tim.o
 .debug_abbrev  0x00000759       0xb7 ./system/src/newlib/_exit.o
 .debug_abbrev  0x00000810       0xbb ./system/src/newlib/_sbrk.o
 .debug_abbrev  0x000008cb      0x1da ./system/src/newlib/_startup.o
 .debug_abbrev  0x00000aa5       0xe7 ./system/src/newlib/_syscalls.o
 .debug_abbrev  0x00000b8c       0xb6 ./system/src/newlib/assert.o
 .debug_abbrev  0x00000c42       0x63 ./system/src/cortexm/_initialize_hardware.o
 .debug_abbrev  0x00000ca5       0x65 ./system/src/cortexm/exception_handlers.o
 .debug_abbrev  0x00000d0a      0x146 ./system/src/cmsis/system_stm32f0xx.o
 .debug_abbrev  0x00000e50       0x92 ./system/src/cmsis/vectors_stm32f0xx.o
 .debug_abbrev  0x00000ee2      0x15f ./src/lcd_stm32f0.o
 .debug_abbrev  0x00001041      0x270 ./src/main.o

.debug_line     0x00000000     0x4454
 *(.debug_line)
 .debug_line    0x00000000      0x553 ./system/src/stm32f0-stdperiph/stm32f0xx_gpio.o
 .debug_line    0x00000553      0x3a8 ./system/src/stm32f0-stdperiph/stm32f0xx_misc.o
 .debug_line    0x000008fb      0x85d ./system/src/stm32f0-stdperiph/stm32f0xx_rcc.o
 .debug_line    0x00001158     0x11ff ./system/src/stm32f0-stdperiph/stm32f0xx_tim.o
 .debug_line    0x00002357      0x2b1 ./system/src/newlib/_exit.o
 .debug_line    0x00002608      0x264 ./system/src/newlib/_sbrk.o
 .debug_line    0x0000286c      0x32b ./system/src/newlib/_startup.o
 .debug_line    0x00002b97      0x36a ./system/src/newlib/_syscalls.o
 .debug_line    0x00002f01      0x2da ./system/src/newlib/assert.o
 .debug_line    0x000031db      0x361 ./system/src/cortexm/_initialize_hardware.o
 .debug_line    0x0000353c       0x97 ./system/src/cortexm/exception_handlers.o
 .debug_line    0x000035d3      0x3b2 ./system/src/cmsis/system_stm32f0xx.o
 .debug_line    0x00003985       0x89 ./system/src/cmsis/vectors_stm32f0xx.o
 .debug_line    0x00003a0e      0x404 ./src/lcd_stm32f0.o
 .debug_line    0x00003e12      0x642 ./src/main.o

.debug_frame    0x00000000     0x16dc
 *(.debug_frame)
 .debug_frame   0x00000000      0x168 ./system/src/stm32f0-stdperiph/stm32f0xx_gpio.o
 .debug_frame   0x00000168       0x60 ./system/src/stm32f0-stdperiph/stm32f0xx_misc.o
 .debug_frame   0x000001c8      0x3f8 ./system/src/stm32f0-stdperiph/stm32f0xx_rcc.o
 .debug_frame   0x000005c0      0xa28 ./system/src/stm32f0-stdperiph/stm32f0xx_tim.o
 .debug_frame   0x00000fe8       0x38 ./system/src/newlib/_exit.o
 .debug_frame   0x00001020       0x28 ./system/src/newlib/_sbrk.o
 .debug_frame   0x00001048       0x84 ./system/src/newlib/_startup.o
 .debug_frame   0x000010cc       0x50 ./system/src/newlib/_syscalls.o
 .debug_frame   0x0000111c       0x40 ./system/src/newlib/assert.o
 .debug_frame   0x0000115c       0x28 ./system/src/cortexm/_initialize_hardware.o
 .debug_frame   0x00001184       0x78 ./system/src/cortexm/exception_handlers.o
 .debug_frame   0x000011fc       0x54 ./system/src/cmsis/system_stm32f0xx.o
 .debug_frame   0x00001250       0x20 ./system/src/cmsis/vectors_stm32f0xx.o
 .debug_frame   0x00001270       0xbc ./src/lcd_stm32f0.o
 .debug_frame   0x0000132c       0xf4 ./src/main.o
 .debug_frame   0x00001420       0x20 c:/program files (x86)/gnu tools arm embedded/4.8 2014q2/bin/../lib/gcc/arm-none-eabi/4.8.4/armv6-m\libgcc.a(_udivsi3.o)
 .debug_frame   0x00001440       0x20 c:/program files (x86)/gnu tools arm embedded/4.8 2014q2/bin/../lib/gcc/arm-none-eabi/4.8.4/../../../../arm-none-eabi/lib/armv6-m\libg_s.a(lib_a-errno.o)
 .debug_frame   0x00001460       0x4c c:/program files (x86)/gnu tools arm embedded/4.8 2014q2/bin/../lib/gcc/arm-none-eabi/4.8.4/../../../../arm-none-eabi/lib/armv6-m\libg_s.a(lib_a-sprintf.o)
 .debug_frame   0x000014ac       0x74 c:/program files (x86)/gnu tools arm embedded/4.8 2014q2/bin/../lib/gcc/arm-none-eabi/4.8.4/../../../../arm-none-eabi/lib/armv6-m\libg_s.a(lib_a-svfprintf.o)
 .debug_frame   0x00001520       0x54 c:/program files (x86)/gnu tools arm embedded/4.8 2014q2/bin/../lib/gcc/arm-none-eabi/4.8.4/../../../../arm-none-eabi/lib/armv6-m\libg_s.a(lib_a-vfprintf_i.o)
 .debug_frame   0x00001574       0x20 c:/program files (x86)/gnu tools arm embedded/4.8 2014q2/bin/../lib/gcc/arm-none-eabi/4.8.4/../../../../arm-none-eabi/lib/armv6-m\libg_s.a(lib_a-memchr-stub.o)
 .debug_frame   0x00001594       0x28 c:/program files (x86)/gnu tools arm embedded/4.8 2014q2/bin/../lib/gcc/arm-none-eabi/4.8.4/../../../../arm-none-eabi/lib/armv6-m\libg_s.a(lib_a-memcpy-stub.o)
 .debug_frame   0x000015bc       0x2c c:/program files (x86)/gnu tools arm embedded/4.8 2014q2/bin/../lib/gcc/arm-none-eabi/4.8.4/../../../../arm-none-eabi/lib/armv6-m\libg_s.a(lib_a-memmove.o)
 .debug_frame   0x000015e8       0x2c c:/program files (x86)/gnu tools arm embedded/4.8 2014q2/bin/../lib/gcc/arm-none-eabi/4.8.4/../../../../arm-none-eabi/lib/armv6-m\libg_s.a(lib_a-nano-freer.o)
 .debug_frame   0x00001614       0x2c c:/program files (x86)/gnu tools arm embedded/4.8 2014q2/bin/../lib/gcc/arm-none-eabi/4.8.4/../../../../arm-none-eabi/lib/armv6-m\libg_s.a(lib_a-nano-mallocr.o)
 .debug_frame   0x00001640       0x30 c:/program files (x86)/gnu tools arm embedded/4.8 2014q2/bin/../lib/gcc/arm-none-eabi/4.8.4/../../../../arm-none-eabi/lib/armv6-m\libg_s.a(lib_a-nano-reallocr.o)
 .debug_frame   0x00001670       0x2c c:/program files (x86)/gnu tools arm embedded/4.8 2014q2/bin/../lib/gcc/arm-none-eabi/4.8.4/../../../../arm-none-eabi/lib/armv6-m\libg_s.a(lib_a-sbrkr.o)
 .debug_frame   0x0000169c       0x20 c:/program files (x86)/gnu tools arm embedded/4.8 2014q2/bin/../lib/gcc/arm-none-eabi/4.8.4/../../../../arm-none-eabi/lib/armv6-m\libg_s.a(lib_a-strlen.o)
 .debug_frame   0x000016bc       0x20 c:/program files (x86)/gnu tools arm embedded/4.8 2014q2/bin/../lib/gcc/arm-none-eabi/4.8.4/../../../../arm-none-eabi/lib/armv6-m\libg_s.a(lib_a-nano-msizer.o)

.debug_str      0x00000000    0x44dc5
 *(.debug_str)
 .debug_str     0x00000000    0x3eea0 ./system/src/stm32f0-stdperiph/stm32f0xx_gpio.o
                              0x3f03c (size before relaxing)
 .debug_str     0x0003eea0      0x160 ./system/src/stm32f0-stdperiph/stm32f0xx_misc.o
                              0x3ee8b (size before relaxing)
 .debug_str     0x0003f000      0x647 ./system/src/stm32f0-stdperiph/stm32f0xx_rcc.o
                              0x3f3c2 (size before relaxing)
 .debug_str     0x0003f647      0xc2b ./system/src/stm32f0-stdperiph/stm32f0xx_tim.o
                              0x3fa17 (size before relaxing)
 .debug_str     0x00040272     0x2995 ./system/src/newlib/_exit.o
                               0x4dde (size before relaxing)
 .debug_str     0x00042c07      0x4de ./system/src/newlib/_sbrk.o
                               0x4394 (size before relaxing)
 .debug_str     0x000430e5      0x24c ./system/src/newlib/_startup.o
                               0x3f50 (size before relaxing)
 .debug_str     0x00043331      0xc2d ./system/src/newlib/_syscalls.o
                               0x5003 (size before relaxing)
 .debug_str     0x00043f5e       0xdc ./system/src/newlib/assert.o
                               0x58ea (size before relaxing)
 .debug_str     0x0004403a       0x51 ./system/src/cortexm/_initialize_hardware.o
                              0x3ed27 (size before relaxing)
 .debug_str     0x0004408b       0xa1 ./system/src/cortexm/exception_handlers.o
                               0x23d9 (size before relaxing)
 .debug_str     0x0004412c       0x7d ./system/src/cmsis/system_stm32f0xx.o
                              0x3ee07 (size before relaxing)
 .debug_str     0x000441a9       0x56 ./system/src/cmsis/vectors_stm32f0xx.o
                               0x23bc (size before relaxing)
 .debug_str     0x000441ff      0x16e ./src/lcd_stm32f0.o
                              0x3ef03 (size before relaxing)
 .debug_str     0x0004436d      0xa58 ./src/main.o
                              0x41765 (size before relaxing)

.debug_loc      0x00000000     0x4194
 *(.debug_loc)
 .debug_loc     0x00000000      0x4e1 ./system/src/stm32f0-stdperiph/stm32f0xx_gpio.o
 .debug_loc     0x000004e1       0xeb ./system/src/stm32f0-stdperiph/stm32f0xx_misc.o
 .debug_loc     0x000005cc      0xc3f ./system/src/stm32f0-stdperiph/stm32f0xx_rcc.o
 .debug_loc     0x0000120b     0x2940 ./system/src/stm32f0-stdperiph/stm32f0xx_tim.o
 .debug_loc     0x00003b4b       0x70 ./system/src/newlib/_sbrk.o
 .debug_loc     0x00003bbb      0x265 ./system/src/newlib/_startup.o
 .debug_loc     0x00003e20       0x63 ./system/src/newlib/_syscalls.o
 .debug_loc     0x00003e83       0xc6 ./system/src/newlib/assert.o
 .debug_loc     0x00003f49       0xe2 ./system/src/cmsis/system_stm32f0xx.o
 .debug_loc     0x0000402b      0x13d ./src/lcd_stm32f0.o
 .debug_loc     0x00004168       0x2c ./src/main.o

.debug_macinfo
 *(.debug_macinfo)

.debug_weaknames
 *(.debug_weaknames)

.debug_funcnames
 *(.debug_funcnames)

.debug_typenames
 *(.debug_typenames)

.debug_varnames
 *(.debug_varnames)
OUTPUT(Range_Detection.elf elf32-littlearm)

.debug_ranges   0x00000000      0x690
 .debug_ranges  0x00000000       0x70 ./system/src/stm32f0-stdperiph/stm32f0xx_gpio.o
 .debug_ranges  0x00000070       0x20 ./system/src/stm32f0-stdperiph/stm32f0xx_misc.o
 .debug_ranges  0x00000090      0x150 ./system/src/stm32f0-stdperiph/stm32f0xx_rcc.o
 .debug_ranges  0x000001e0      0x2f0 ./system/src/stm32f0-stdperiph/stm32f0xx_tim.o
 .debug_ranges  0x000004d0       0x18 ./system/src/newlib/_exit.o
 .debug_ranges  0x000004e8       0x10 ./system/src/newlib/_sbrk.o
 .debug_ranges  0x000004f8       0x48 ./system/src/newlib/_startup.o
 .debug_ranges  0x00000540       0x20 ./system/src/newlib/_syscalls.o
 .debug_ranges  0x00000560       0x18 ./system/src/newlib/assert.o
 .debug_ranges  0x00000578       0x10 ./system/src/cortexm/_initialize_hardware.o
 .debug_ranges  0x00000588       0x38 ./system/src/cortexm/exception_handlers.o
 .debug_ranges  0x000005c0       0x20 ./system/src/cmsis/system_stm32f0xx.o
 .debug_ranges  0x000005e0       0x10 ./system/src/cmsis/vectors_stm32f0xx.o
 .debug_ranges  0x000005f0       0x40 ./src/lcd_stm32f0.o
 .debug_ranges  0x00000630       0x60 ./src/main.o

.debug_macro    0x00000000     0xc8e2
 .debug_macro   0x00000000      0x156 ./system/src/stm32f0-stdperiph/stm32f0xx_gpio.o
 .debug_macro   0x00000156      0x826 ./system/src/stm32f0-stdperiph/stm32f0xx_gpio.o
 .debug_macro   0x0000097c       0x7a ./system/src/stm32f0-stdperiph/stm32f0xx_gpio.o
 .debug_macro   0x000009f6       0x3a ./system/src/stm32f0-stdperiph/stm32f0xx_gpio.o
 .debug_macro   0x00000a30      0x34e ./system/src/stm32f0-stdperiph/stm32f0xx_gpio.o
 .debug_macro   0x00000d7e       0x1f ./system/src/stm32f0-stdperiph/stm32f0xx_gpio.o
 .debug_macro   0x00000d9d      0x242 ./system/src/stm32f0-stdperiph/stm32f0xx_gpio.o
 .debug_macro   0x00000fdf     0x5b9e ./system/src/stm32f0-stdperiph/stm32f0xx_gpio.o
 .debug_macro   0x00006b7d      0x2ec ./system/src/stm32f0-stdperiph/stm32f0xx_gpio.o
 .debug_macro   0x00006e69      0x3cf ./system/src/stm32f0-stdperiph/stm32f0xx_gpio.o
 .debug_macro   0x00007238      0x191 ./system/src/stm32f0-stdperiph/stm32f0xx_gpio.o
 .debug_macro   0x000073c9       0x46 ./system/src/stm32f0-stdperiph/stm32f0xx_gpio.o
 .debug_macro   0x0000740f       0xd9 ./system/src/stm32f0-stdperiph/stm32f0xx_gpio.o
 .debug_macro   0x000074e8       0xef ./system/src/stm32f0-stdperiph/stm32f0xx_gpio.o
 .debug_macro   0x000075d7      0x184 ./system/src/stm32f0-stdperiph/stm32f0xx_gpio.o
 .debug_macro   0x0000775b       0x7c ./system/src/stm32f0-stdperiph/stm32f0xx_gpio.o
 .debug_macro   0x000077d7      0x295 ./system/src/stm32f0-stdperiph/stm32f0xx_gpio.o
 .debug_macro   0x00007a6c       0xd7 ./system/src/stm32f0-stdperiph/stm32f0xx_gpio.o
 .debug_macro   0x00007b43      0x23d ./system/src/stm32f0-stdperiph/stm32f0xx_gpio.o
 .debug_macro   0x00007d80      0x184 ./system/src/stm32f0-stdperiph/stm32f0xx_gpio.o
 .debug_macro   0x00007f04      0x2a0 ./system/src/stm32f0-stdperiph/stm32f0xx_gpio.o
 .debug_macro   0x000081a4       0x70 ./system/src/stm32f0-stdperiph/stm32f0xx_gpio.o
 .debug_macro   0x00008214       0xdf ./system/src/stm32f0-stdperiph/stm32f0xx_gpio.o
 .debug_macro   0x000082f3      0x4e3 ./system/src/stm32f0-stdperiph/stm32f0xx_gpio.o
 .debug_macro   0x000087d6      0x4c5 ./system/src/stm32f0-stdperiph/stm32f0xx_gpio.o
 .debug_macro   0x00008c9b      0x397 ./system/src/stm32f0-stdperiph/stm32f0xx_gpio.o
 .debug_macro   0x00009032      0x750 ./system/src/stm32f0-stdperiph/stm32f0xx_gpio.o
 .debug_macro   0x00009782      0x353 ./system/src/stm32f0-stdperiph/stm32f0xx_gpio.o
 .debug_macro   0x00009ad5       0x34 ./system/src/stm32f0-stdperiph/stm32f0xx_gpio.o
 .debug_macro   0x00009b09       0x3a ./system/src/stm32f0-stdperiph/stm32f0xx_gpio.o
 .debug_macro   0x00009b43      0x17f ./system/src/stm32f0-stdperiph/stm32f0xx_gpio.o
 .debug_macro   0x00009cc2      0x156 ./system/src/stm32f0-stdperiph/stm32f0xx_misc.o
 .debug_macro   0x00009e18      0x185 ./system/src/stm32f0-stdperiph/stm32f0xx_misc.o
 .debug_macro   0x00009f9d       0x34 ./system/src/stm32f0-stdperiph/stm32f0xx_misc.o
 .debug_macro   0x00009fd1      0x174 ./system/src/stm32f0-stdperiph/stm32f0xx_rcc.o
 .debug_macro   0x0000a145      0x4dd ./system/src/stm32f0-stdperiph/stm32f0xx_rcc.o
 .debug_macro   0x0000a622      0x172 ./system/src/stm32f0-stdperiph/stm32f0xx_tim.o
 .debug_macro   0x0000a794      0x74a ./system/src/stm32f0-stdperiph/stm32f0xx_tim.o
 .debug_macro   0x0000aede      0x11b ./system/src/newlib/_exit.o
 .debug_macro   0x0000aff9       0xa3 ./system/src/newlib/_exit.o
 .debug_macro   0x0000b09c      0x10e ./system/src/newlib/_exit.o
 .debug_macro   0x0000b1aa       0x86 ./system/src/newlib/_exit.o
 .debug_macro   0x0000b230       0x43 ./system/src/newlib/_exit.o
 .debug_macro   0x0000b273       0x10 ./system/src/newlib/_exit.o
 .debug_macro   0x0000b283       0x35 ./system/src/newlib/_exit.o
 .debug_macro   0x0000b2b8       0xd1 ./system/src/newlib/_sbrk.o
 .debug_macro   0x0000b389       0x19 ./system/src/newlib/_sbrk.o
 .debug_macro   0x0000b3a2      0x16d ./system/src/newlib/_sbrk.o
 .debug_macro   0x0000b50f       0x10 ./system/src/newlib/_sbrk.o
 .debug_macro   0x0000b51f      0x23b ./system/src/newlib/_sbrk.o
 .debug_macro   0x0000b75a       0xdb ./system/src/newlib/_startup.o
 .debug_macro   0x0000b835      0x169 ./system/src/newlib/_syscalls.o
 .debug_macro   0x0000b99e       0x1c ./system/src/newlib/_syscalls.o
 .debug_macro   0x0000b9ba       0x10 ./system/src/newlib/_syscalls.o
 .debug_macro   0x0000b9ca       0x10 ./system/src/newlib/_syscalls.o
 .debug_macro   0x0000b9da       0x10 ./system/src/newlib/_syscalls.o
 .debug_macro   0x0000b9ea       0x35 ./system/src/newlib/_syscalls.o
 .debug_macro   0x0000ba1f      0x120 ./system/src/newlib/_syscalls.o
 .debug_macro   0x0000bb3f       0x22 ./system/src/newlib/_syscalls.o
 .debug_macro   0x0000bb61       0x2b ./system/src/newlib/_syscalls.o
 .debug_macro   0x0000bb8c      0x118 ./system/src/newlib/_syscalls.o
 .debug_macro   0x0000bca4      0x13a ./system/src/newlib/_syscalls.o
 .debug_macro   0x0000bdde       0x16 ./system/src/newlib/_syscalls.o
 .debug_macro   0x0000bdf4      0x137 ./system/src/newlib/assert.o
 .debug_macro   0x0000bf2b       0x1c ./system/src/newlib/assert.o
 .debug_macro   0x0000bf47      0x156 ./system/src/cortexm/_initialize_hardware.o
 .debug_macro   0x0000c09d       0x1b ./system/src/cortexm/exception_handlers.o
 .debug_macro   0x0000c0b8      0x14c ./system/src/cmsis/system_stm32f0xx.o
 .debug_macro   0x0000c204       0x1b ./system/src/cmsis/vectors_stm32f0xx.o
 .debug_macro   0x0000c21f      0x155 ./src/lcd_stm32f0.o
 .debug_macro   0x0000c374      0x239 ./src/main.o
 .debug_macro   0x0000c5ad       0x16 ./src/main.o
 .debug_macro   0x0000c5c3       0x97 ./src/main.o
 .debug_macro   0x0000c65a       0x10 ./src/main.o
 .debug_macro   0x0000c66a       0xf6 ./src/main.o
 .debug_macro   0x0000c760       0x16 ./src/main.o
 .debug_macro   0x0000c776      0x16c ./src/main.o
